// Jest Snapshot v1, https://jestjs.io/docs/snapshot-testing

exports[`Tests in <GifItem /> should match with the snapshot 1`] = `
<div>
  <div
    class="card"
  >
    <img
      alt="One Punch"
      src="https://one-punch.com/img.jpg"
    />
    <p>
      One Punch
    </p>
  </div>
</div>
`;
