// Jest Snapshot v1, https://jestjs.io/docs/snapshot-testing

exports[`Pruebas en <CounterApp /> should match with the snapshot 1`] = `
<div>
  <h1>
    CounterApp
  </h1>
  <h2>
     
    100
     
  </h2>
  <button>
    +1
  </button>
  <button>
    -1
  </button>
  <button
    aria-label="btn-reset"
  >
    Reset
  </button>
</div>
`;
